2026-02-03 09:26:44 - Validator - ERROR - [validators.py:115] - Missing Required Field: 'recent_risk'
2026-02-03 09:34:32 - Validator - ERROR - [validators.py:115] - Missing Required Field: 'recent_risk'
2026-02-03 09:35:33 - Validator - ERROR - [validators.py:115] - Missing Required Field: 'recent_risk'
2026-02-03 09:35:51 - Validator - ERROR - [validators.py:115] - Missing Required Field: 'recent_risk'
2026-02-03 09:37:58 - Validator - ERROR - [validators.py:115] - Missing Required Field: 'recent_risk'
2026-02-03 09:38:49 - Engine - ERROR - [1597196177.py:76] - Task TASK_TEST_001 Execution Logic Failed: Function resolution failed for 'utils.analysis:calculate_sentiment': No module named 'utils'
Traceback (most recent call last):
  File "C:\Users\kakao\AppData\Local\Temp\ipykernel_22312\1597196177.py", line 115, in _resolve_function
    module = importlib.import_module(module_path)
  File "c:\Users\kakao\miniforge3\envs\agent_env\lib\importlib\__init__.py", line 126, in import_module
    return _bootstrap._gcd_import(name[level:], package, level)
  File "<frozen importlib._bootstrap>", line 1050, in _gcd_import
  File "<frozen importlib._bootstrap>", line 1027, in _find_and_load
  File "<frozen importlib._bootstrap>", line 992, in _find_and_load_unlocked
  File "<frozen importlib._bootstrap>", line 241, in _call_with_frames_removed
  File "<frozen importlib._bootstrap>", line 1050, in _gcd_import
  File "<frozen importlib._bootstrap>", line 1027, in _find_and_load
  File "<frozen importlib._bootstrap>", line 1004, in _find_and_load_unlocked
ModuleNotFoundError: No module named 'utils'

During handling of the above exception, another exception occurred:

Traceback (most recent call last):
  File "C:\Users\kakao\AppData\Local\Temp\ipykernel_22312\1597196177.py", line 70, in run_step
    func = self._resolve_function(task.target)
  File "C:\Users\kakao\AppData\Local\Temp\ipykernel_22312\1597196177.py", line 118, in _resolve_function
    raise ImportError(f"Function resolution failed for '{target_path}': {e}")
ImportError: Function resolution failed for 'utils.analysis:calculate_sentiment': No module named 'utils'
2026-02-03 10:09:11 - __main__ - ERROR - [932153280.py:164] - Failed to load MCP weather tools: fileno
2026-02-03 10:11:32 - __main__ - ERROR - [932153280.py:164] - Failed to load MCP weather tools: fileno
2026-02-03 10:11:54 - __main__ - ERROR - [932153280.py:164] - Failed to load MCP weather tools: fileno
2026-02-03 10:12:02 - __main__ - ERROR - [932153280.py:164] - Failed to load MCP weather tools: fileno
